======================================================================================================================
PHASE 6C — LINEUP-LEVEL DISTRIBUTION TAIL RECALIBRATION
======================================================================================================================
panel: 38,061 leakage-free player-week(s), half_ppr / shrinkage_eb
incumbent production configuration: L=1.50/U=2.50
grid: 36 cell(s), lower [0.0, 0.5, 1.0, 1.5, 2.0, 2.5], upper [0.5, 1.0, 1.5, 2.0, 2.5, 3.0]
tuning seasons  [2022, 2023]   (candidate selection only)
held-out seasons [2024, 2025]   (never used for selection)
40 matchup(s)/week, 2,000 draw(s)/lineup, identical lineups and draws across every cell

----------------------------------------------------------------------------------------------------------------------
1. PLAYER-LEVEL BASELINE — the frozen foundation, unchanged by this phase
----------------------------------------------------------------------------------------------------------------------
  knot coverage is the share of outcomes at or below each stored percentile; nominal is 0.10 0.25 0.50 0.75 0.90
  startable player-weeks: tuning 5,468, held-out 5,525
  tuning L=1.50/U=2.50   n= 5,468  knots[0.098 0.241 0.490 0.751 0.902]  CRPS=3.9075  drift=+0.227 (+2.13%)
  held-out L=1.50/U=2.50 n= 5,525  knots[0.103 0.239 0.492 0.747 0.899]  CRPS=3.9381  drift=+0.242 (+2.26%)
  CRPS by position (held-out, incumbent):
    QB   n= 1,238  CRPS=4.7047
    RB   n= 1,416  CRPS=4.0210
    TE   n=   675  CRPS=3.2102
    WR   n= 2,196  CRPS=3.6762

----------------------------------------------------------------------------------------------------------------------
2. TUNING SURFACE — every cell, same lineups, same draws
----------------------------------------------------------------------------------------------------------------------
    tuning: 6 week(s), 240 matchup(s)
    tuning: 12 week(s), 480 matchup(s)
    tuning: 18 week(s), 720 matchup(s)
    tuning: 24 week(s), 960 matchup(s)
    tuning: 30 week(s), 1,200 matchup(s)
    tuning: 36 week(s), 1,440 matchup(s)
  36 week(s), 1,440 matchup(s), 2,880 lineup(s), 273s
  lineup PIT divergence (lower is flatter; primary)   [* = incumbent]
    lower\upper      0.50      1.00      1.50      2.00      2.50      3.00
           0.00    0.1535    0.1188    0.0750    0.0493    0.0764    0.0979
           0.50    0.1486    0.1132    0.0736    0.0368    0.0653    0.1000
           1.00    0.1542    0.1153    0.0819    0.0507    0.0687    0.1049
           1.50    0.1653    0.1188    0.0903    0.0715   0.0792*    0.1139
           2.00    0.1778    0.1299    0.1049    0.0882    0.0937    0.1236
           2.50    0.1882    0.1417    0.1215    0.1000    0.1076    0.1389
  lineup CRPS (lower is better)   [* = incumbent]
    lower\upper      0.50      1.00      1.50      2.00      2.50      3.00
           0.00   10.8974   10.8178   10.7728   10.7608   10.7794   10.8263
           0.50   10.9237   10.8348   10.7810   10.7605   10.7713   10.8108
           1.00   10.9557   10.8578   10.7955   10.7668   10.7698   10.8022
           1.50   10.9927   10.8864   10.8159   10.7794  10.7750*   10.8002
           2.00   11.0330   10.9189   10.8409   10.7971   10.7856   10.8043
           2.50   11.0762   10.9546   10.8694   10.8187   10.8006   10.8129
  lineup 80% interval coverage (nominal 0.800)   [* = incumbent]
    lower\upper      0.50      1.00      1.50      2.00      2.50      3.00
           0.00    0.7316    0.7490    0.7656    0.7878    0.8045    0.8184
           0.50    0.7382    0.7562    0.7726    0.7951    0.8115    0.8253
           1.00    0.7465    0.7635    0.7816    0.8014    0.8181    0.8313
           1.50    0.7556    0.7722    0.7906    0.8094   0.8271*    0.8399
           2.00    0.7632    0.7767    0.7983    0.8167    0.8344    0.8469
           2.50    0.7667    0.7816    0.8042    0.8236    0.8420    0.8535
  lineup 90% interval coverage (nominal 0.900)   [* = incumbent]
    lower\upper      0.50      1.00      1.50      2.00      2.50      3.00
           0.00    0.8427    0.8590    0.8715    0.8865    0.8972    0.9052
           0.50    0.8465    0.8646    0.8771    0.8917    0.9021    0.9104
           1.00    0.8517    0.8701    0.8830    0.8979    0.9083    0.9160
           1.50    0.8587    0.8771    0.8885    0.9038   0.9153*    0.9215
           2.00    0.8632    0.8823    0.8955    0.9108    0.9226    0.9295
           2.50    0.8674    0.8858    0.8972    0.9149    0.9267    0.9330
  lineup P50 coverage (nominal 0.500)   [* = incumbent]
    lower\upper      0.50      1.00      1.50      2.00      2.50      3.00
           0.00    0.4549    0.4729    0.4868    0.5052    0.5174    0.5333
           0.50    0.4424    0.4622    0.4788    0.4948    0.5132    0.5222
           1.00    0.4326    0.4538    0.4736    0.4868    0.5003    0.5160
           1.50    0.4247    0.4427    0.4618    0.4774   0.4917*    0.5108
           2.00    0.4142    0.4368    0.4549    0.4736    0.4861    0.4993
           2.50    0.4083    0.4292    0.4455    0.4642    0.4781    0.4913
  simulated mean minus projection sum, as a share   [* = incumbent]
    lower\upper      0.50      1.00      1.50      2.00      2.50      3.00
           0.00   -1.415%   -0.052%   +1.312%   +2.675%   +4.038%   +5.401%
           0.50   -2.038%   -0.675%   +0.688%   +2.051%   +3.414%   +4.777%
           1.00   -2.662%   -1.299%   +0.064%   +1.428%   +2.791%   +4.154%
           1.50   -3.278%   -1.915%   -0.552%   +0.811%  +2.174%*   +3.537%
           2.00   -3.860%   -2.497%   -1.134%   +0.230%   +1.593%   +2.956%
           2.50   -4.424%   -3.061%   -1.698%   -0.335%   +1.029%   +2.392%

  SELECTION RULE (declared before the surface was read):
    primary   — lineup-total PIT divergence, rounded to 1e-4
    tie-break — lineup CRPS
  selected on tuning data: L=0.50/U=2.00
  five best cells on tuning data:
    L=0.50/U=2.00      PITdiv=0.0368  CRPS=10.7605  cov80=0.7951  cov90=0.8917
    L=0.00/U=2.00      PITdiv=0.0493  CRPS=10.7608  cov80=0.7878  cov90=0.8865
    L=1.00/U=2.00      PITdiv=0.0507  CRPS=10.7668  cov80=0.8014  cov90=0.8979
    L=0.50/U=2.50      PITdiv=0.0653  CRPS=10.7713  cov80=0.8115  cov90=0.9021
    L=1.00/U=2.50      PITdiv=0.0687  CRPS=10.7698  cov80=0.8181  cov90=0.9083
  neighbourhood of the selection (stability, not the argmin):
    L=0.00/U=1.50      PITdiv=0.0750  CRPS=10.7728  cov80=0.7656
    L=0.00/U=2.00      PITdiv=0.0493  CRPS=10.7608  cov80=0.7878
    L=0.00/U=2.50      PITdiv=0.0764  CRPS=10.7794  cov80=0.8045
    L=0.50/U=1.50      PITdiv=0.0736  CRPS=10.7810  cov80=0.7726
    L=0.50/U=2.00      PITdiv=0.0368  CRPS=10.7605  cov80=0.7951
    L=0.50/U=2.50      PITdiv=0.0653  CRPS=10.7713  cov80=0.8115
    L=1.00/U=1.50      PITdiv=0.0819  CRPS=10.7955  cov80=0.7816
    L=1.00/U=2.00      PITdiv=0.0507  CRPS=10.7668  cov80=0.8014
    L=1.00/U=2.50      PITdiv=0.0687  CRPS=10.7698  cov80=0.8181

----------------------------------------------------------------------------------------------------------------------
3. HELD-OUT SURFACE — the same grid on seasons the selection never saw
----------------------------------------------------------------------------------------------------------------------
    held-out: 6 week(s), 239 matchup(s)
    held-out: 12 week(s), 479 matchup(s)
    held-out: 18 week(s), 719 matchup(s)
    held-out: 24 week(s), 959 matchup(s)
    held-out: 30 week(s), 1,199 matchup(s)
    held-out: 36 week(s), 1,438 matchup(s)
  36 week(s), 1,438 matchup(s), 2,876 lineup(s), 355s
  lineup PIT divergence (lower is flatter; primary)   [* = incumbent]
    lower\upper      0.50      1.00      1.50      2.00      2.50      3.00
           0.00    0.1712    0.1252    0.0803    0.0650    0.0893    0.1122
           0.50    0.1643    0.1179    0.0907    0.0705    0.0855    0.1008
           1.00    0.1584    0.1135    0.0754    0.0605    0.0793    0.1015
           1.50    0.1668    0.1225    0.0932    0.0712   0.0894*    0.0987
           2.00    0.1716    0.1288    0.0946    0.0851    0.1001    0.1147
           2.50    0.1751    0.1302    0.1043    0.0816    0.1053    0.1245
  lineup CRPS (lower is better)   [* = incumbent]
    lower\upper      0.50      1.00      1.50      2.00      2.50      3.00
           0.00   11.0133   10.9477   10.9155   10.9152   10.9449   11.0020
           0.50   11.0294   10.9548   10.9141   10.9057   10.9277   10.9777
           1.00   11.0513   10.9679   10.9190   10.9027   10.9173   10.9602
           1.50   11.0782   10.9865   10.9295   10.9058  10.9130*   10.9491
           2.00   11.1083   11.0088   10.9444   10.9134   10.9139   10.9435
           2.50   11.1427   11.0359   10.9645   10.9267   10.9207   10.9441
  lineup 80% interval coverage (nominal 0.800)   [* = incumbent]
    lower\upper      0.50      1.00      1.50      2.00      2.50      3.00
           0.00    0.7284    0.7455    0.7660    0.7844    0.8035    0.8171
           0.50    0.7344    0.7517    0.7729    0.7903    0.8095    0.8230
           1.00    0.7375    0.7573    0.7792    0.7976    0.8150    0.8286
           1.50    0.7455    0.7639    0.7851    0.8029   0.8220*    0.8359
           2.00    0.7517    0.7709    0.7935    0.8108    0.8303    0.8435
           2.50    0.7573    0.7768    0.7983    0.8157    0.8355    0.8501
  lineup 90% interval coverage (nominal 0.900)   [* = incumbent]
    lower\upper      0.50      1.00      1.50      2.00      2.50      3.00
           0.00    0.8348    0.8571    0.8717    0.8828    0.8974    0.9072
           0.50    0.8394    0.8620    0.8762    0.8884    0.9026    0.9124
           1.00    0.8467    0.8689    0.8821    0.8943    0.9082    0.9183
           1.50    0.8522    0.8745    0.8887    0.9006   0.9145*    0.9249
           2.00    0.8540    0.8773    0.8926    0.9030    0.9183    0.9284
           2.50    0.8588    0.8821    0.8957    0.9068    0.9211    0.9308
  lineup P50 coverage (nominal 0.500)   [* = incumbent]
    lower\upper      0.50      1.00      1.50      2.00      2.50      3.00
           0.00    0.4805    0.4997    0.5150    0.5271    0.5389    0.5508
           0.50    0.4718    0.4913    0.5070    0.5202    0.5316    0.5445
           1.00    0.4611    0.4802    0.4993    0.5129    0.5243    0.5369
           1.50    0.4513    0.4725    0.4906    0.5056   0.5195*    0.5289
           2.00    0.4447    0.4635    0.4812    0.5007    0.5125    0.5243
           2.50    0.4353    0.4541    0.4739    0.4903    0.5083    0.5191
  simulated mean minus projection sum, as a share   [* = incumbent]
    lower\upper      0.50      1.00      1.50      2.00      2.50      3.00
           0.00   -1.255%   +0.103%   +1.460%   +2.818%   +4.175%   +5.533%
           0.50   -1.875%   -0.518%   +0.840%   +2.197%   +3.555%   +4.912%
           1.00   -2.496%   -1.139%   +0.219%   +1.576%   +2.934%   +4.292%
           1.50   -3.111%   -1.753%   -0.396%   +0.962%  +2.320%*   +3.677%
           2.00   -3.694%   -2.336%   -0.979%   +0.379%   +1.736%   +3.094%
           2.50   -4.258%   -2.900%   -1.542%   -0.185%   +1.173%   +2.530%
  held-out argmin under the same rule: L=1.00/U=2.00
  (reported for stability only — the recommendation is the tuning selection, whatever this says)

----------------------------------------------------------------------------------------------------------------------
4. INCUMBENT VERSUS CANDIDATE
----------------------------------------------------------------------------------------------------------------------

  TUNING
    metric                                   incumbent   candidate      change
    --------------------------------------------------------------------------
    lineup P10 coverage (0.100)                 0.0878      0.1042      0.0163
    lineup P25 coverage (0.250)                 0.2253      0.2413      0.0160
    lineup P50 coverage (0.500)                 0.4917      0.4948      0.0031
    lineup P75 coverage (0.750)                 0.7646      0.7472     -0.0174
    lineup P90 coverage (0.900)                 0.9149      0.8993     -0.0156
    80% interval coverage (0.800)               0.8271      0.7951     -0.0319
    90% interval coverage (0.900)               0.9153      0.8917     -0.0236
    mean 80% width                               52.33       48.91       -3.42
    mean 90% width                               66.93       62.41       -4.52
    lineup PIT divergence                       0.0792      0.0368     -0.0424
    lineup CRPS                                10.7750     10.7605     -0.0144
    player CRPS                                 3.9075      3.9044     -0.0031
    player knot error                           0.0050      0.0050      0.0000
    win probability Brier                      0.22363     0.22313    -0.00050
    win probability log loss                   0.63781     0.63651    -0.00130
    ECE                                         0.0245      0.0194     -0.0050
    max calibration error                       0.1064      0.0702     -0.0362
    score differential CRPS                    14.9255     14.8902     -0.0353
    score differential 80% coverage             0.8368      0.8076     -0.0292
    expected score minus projection sum         +1.576      +1.487      -0.089

  HELD-OUT
    metric                                   incumbent   candidate      change
    --------------------------------------------------------------------------
    lineup P10 coverage (0.100)                 0.0949      0.1092      0.0143
    lineup P25 coverage (0.250)                 0.2399      0.2580      0.0181
    lineup P50 coverage (0.500)                 0.5195      0.5202      0.0007
    lineup P75 coverage (0.750)                 0.7629      0.7469     -0.0160
    lineup P90 coverage (0.900)                 0.9169      0.8995     -0.0174
    80% interval coverage (0.800)               0.8220      0.7903     -0.0316
    90% interval coverage (0.900)               0.9145      0.8884     -0.0261
    mean 80% width                               52.03       48.63       -3.40
    mean 90% width                               66.58       62.07       -4.51
    lineup PIT divergence                       0.0894      0.0705     -0.0189
    lineup CRPS                                10.9130     10.9057     -0.0073
    player CRPS                                 3.9381      3.9359     -0.0022
    player knot error                           0.0050      0.0050      0.0000
    win probability Brier                      0.22486     0.22450    -0.00035
    win probability log loss                   0.64043     0.63953    -0.00090
    ECE                                         0.0213      0.0195     -0.0018
    max calibration error                       0.0708      0.0561     -0.0147
    score differential CRPS                    15.5353     15.5263     -0.0090
    score differential 80% coverage             0.8157      0.7879     -0.0278
    expected score minus projection sum         +1.686      +1.597      -0.089

  PAIRED DIFFERENCES ON HELD-OUT DATA — candidate minus incumbent
    same lineups, same draws, so each difference isolates the tail configuration
    lineup CRPS [negative]     delta=-0.007333  se=0.005472  t=  -1.34  n=2,876  (indistinguishable from zero)
    lineup 80% coverage [toward nominal] delta=-0.031641  se=0.003265  t=  -9.69  n=2,876  (significant)
    lineup 90% coverage [toward nominal] delta=-0.026078  se=0.002972  t=  -8.77  n=2,876  (significant)
    lineup PIT centrality [toward 0.250] delta=+0.010763  se=0.000108  t= +99.64  n=2,876  (significant)
    lineup 80% width [context] delta=-3.402112  se=0.007528  t=-451.91  n=2,876  (significant)
    win probability Brier [negative] delta=-0.000354  se=0.000236  t=  -1.50  n=1,438  (indistinguishable from zero)
    score differential CRPS [negative] delta=-0.009011  se=0.011374  t=  -0.79  n=1,438  (indistinguishable from zero)
    differential 80% coverage [toward nominal] delta=-0.027816  se=0.004338  t=  -6.41  n=1,438  (significant)

  LINEUP-TOTAL PIT (held-out, 0.100 is calibrated)
    [0.0,0.1)   incumbent 0.0942   candidate 0.1092
    [0.1,0.2)   incumbent 0.0918   candidate 0.0904
    [0.2,0.3)   incumbent 0.1102   candidate 0.1095
    [0.3,0.4)   incumbent 0.1067   candidate 0.1026
    [0.4,0.5)   incumbent 0.1165   candidate 0.1081
    [0.5,0.6)   incumbent 0.0901   candidate 0.0862
    [0.6,0.7)   incumbent 0.0970   candidate 0.0911
    [0.7,0.8)   incumbent 0.1113   candidate 0.1054
    [0.8,0.9)   incumbent 0.0987   candidate 0.0970
    [0.9,1.0)   incumbent 0.0834   candidate 0.1005

  WIN PROBABILITY CALIBRATION (held-out; incumbent | candidate)
    bin                n   stated   actual         n   stated   actual
    0.1-0.2         17    0.170    0.118        24    0.163    0.208
    0.2-0.3         91    0.263    0.275       103    0.259    0.233
    0.3-0.4        229    0.359    0.288       235    0.358    0.302
    0.4-0.5        370    0.451    0.451       348    0.451    0.466
    0.5-0.6        364    0.550    0.563       336    0.551    0.554
    0.6-0.7        252    0.642    0.655       258    0.643    0.647
    0.7-0.8         95    0.736    0.768       106    0.740    0.755
    0.8-0.9         20    0.833    0.900        28    0.839    0.929
    (max calibration error ignores bins under 30; read it, not ECE alone)

----------------------------------------------------------------------------------------------------------------------
5. THE SHAPE OF THE ERROR — is one global pair of factors enough?
----------------------------------------------------------------------------------------------------------------------
  held-out, by stratum
    projection 0-66
      incumbent projection 0-66        n=   513  knots[0.099 0.248 0.534 0.772 0.936]  cov80=0.8363  cov90=0.9298  CRPS=10.0419  PITdiv=0.1333  drift=+1.759 (+2.83%)
      candidate projection 0-66        n=   513  knots[0.115 0.259 0.534 0.760 0.914]  cov80=0.7992  cov90=0.9045  CRPS=10.0243  PITdiv=0.1006  drift=+1.552 (+2.50%)
    projection 66-79
      incumbent projection 66-79       n= 1,786  knots[0.088 0.240 0.526 0.773 0.915]  cov80=0.8270  cov90=0.9199  CRPS=10.7365  PITdiv=0.1093  drift=+1.663 (+2.30%)
      candidate projection 66-79       n= 1,786  knots[0.104 0.260 0.526 0.756 0.901]  cov80=0.7968  cov90=0.8975  CRPS=10.7227  PITdiv=0.0750  drift=+1.582 (+2.19%)
    projection 79-inf
      incumbent projection 79-inf      n=   577  knots[0.111 0.232 0.485 0.724 0.905]  cov80=0.7938  cov90=0.8839  CRPS=12.2340  PITdiv=0.1324  drift=+1.693 (+2.04%)
      candidate projection 79-inf      n=   577  knots[0.120 0.250 0.489 0.705 0.882]  cov80=0.7626  cov90=0.8458  CRPS=12.2559  PITdiv=0.1567  drift=+1.683 (+2.03%)
    stacked
      incumbent stacked                n= 1,020  knots[0.101 0.236 0.499 0.749 0.900]  cov80=0.7990  cov90=0.9029  CRPS=11.2590  PITdiv=0.1020  drift=+1.701 (+2.34%)
      candidate stacked                n= 1,020  knots[0.113 0.250 0.499 0.733 0.882]  cov80=0.7696  cov90=0.8716  CRPS=11.2581  PITdiv=0.1451  drift=+1.611 (+2.21%)
    unstacked
      incumbent unstacked              n= 1,856  knots[0.092 0.242 0.531 0.770 0.926]  cov80=0.8346  cov90=0.9208  CRPS=10.7229  PITdiv=0.0957  drift=+1.678 (+2.31%)
      candidate unstacked              n= 1,856  knots[0.107 0.262 0.532 0.754 0.909]  cov80=0.8017  cov90=0.8976  CRPS=10.7121  PITdiv=0.0711  drift=+1.589 (+2.19%)

  lineup size sensitivity (held-out, fresh draws per shape)
    5-player
      incumbent lineup L=1.50/U=2.50   n= 1,436  knots[0.096 0.263 0.520 0.795 0.932]  cov80=0.8357  cov90=0.9234  CRPS=8.8451  PITdiv=0.0916  drift=+1.198 (+2.30%)
      candidate lineup L=0.50/U=2.00   n= 1,436  knots[0.119 0.270 0.523 0.781 0.923]  cov80=0.8043  cov90=0.8983  CRPS=8.8310  PITdiv=0.0975  drift=+1.154 (+2.22%)
    7-player
      incumbent lineup L=1.50/U=2.50   n= 1,440  knots[0.091 0.240 0.503 0.772 0.912]  cov80=0.8208  cov90=0.9090  CRPS=10.8559  PITdiv=0.0722  drift=+1.689 (+2.32%)
      candidate lineup L=0.50/U=2.00   n= 1,440  knots[0.105 0.253 0.503 0.756 0.902]  cov80=0.7972  cov90=0.8833  CRPS=10.8484  PITdiv=0.0500  drift=+1.605 (+2.21%)
    9-player
      incumbent lineup L=1.50/U=2.50   n= 1,438  knots[0.098 0.259 0.524 0.786 0.918]  cov80=0.8199  cov90=0.9298  CRPS=11.9095  PITdiv=0.0879  drift=+2.182 (+2.39%)
      candidate lineup L=0.50/U=2.00   n= 1,438  knots[0.116 0.273 0.523 0.771 0.908]  cov80=0.7914  cov90=0.8985  CRPS=11.8916  PITdiv=0.0654  drift=+2.035 (+2.23%)

----------------------------------------------------------------------------------------------------------------------
6. EXPECTED SCORE VERSUS PROJECTION SUM — the Phase 6A gap, measured
----------------------------------------------------------------------------------------------------------------------
  tuning    incumbent  L=1.50/U=2.50      simulated mean   74.07  projection sum   72.50  gap +1.576 (+2.17%)  realised mean   74.17
  tuning    candidate  L=0.50/U=2.00      simulated mean   73.99  projection sum   72.50  gap +1.487 (+2.05%)  realised mean   74.17
  held-out  incumbent  L=1.50/U=2.50      simulated mean   74.36  projection sum   72.68  gap +1.686 (+2.32%)  realised mean   73.79
  held-out  candidate  L=0.50/U=2.00      simulated mean   74.27  projection sum   72.68  gap +1.597 (+2.20%)  realised mean   73.79

  player level, same question
  tuning    incumbent  curve mean minus stored expected +0.2273 (+2.13%)
  held-out  incumbent  curve mean minus stored expected +0.2418 (+2.26%)
  tuning    candidate  curve mean minus stored expected +0.2202 (+2.06%)
  held-out  candidate  curve mean minus stored expected +0.2355 (+2.20%)

----------------------------------------------------------------------------------------------------------------------
7. CORRELATION, RE-TESTED UNDER BOTH TAIL CONFIGURATIONS
----------------------------------------------------------------------------------------------------------------------
  each arm's structure is refitted from the PIT of the marginals it is simulated with; a correlation is a property of the PIT, and the PIT moves when the tails do
  incumbent L=1.50/U=2.50: 36 of 36 held-out week(s) have a prior-fitted structure (4s)
    independent  lineup L=1.50/U=2.50   n= 2,878  knots[0.089 0.235 0.517 0.782 0.917]  cov80=0.8284  cov90=0.9229  CRPS=10.6110  PITdiv=0.0945  drift=+1.696 (+2.34%)
                 matchup L=1.50/U=2.50  n= 1,439  Brier=0.22885  logloss=0.64897  ECE=0.0205  maxCE=0.0618  marginCRPS=15.1450  marginCov80=0.8353
    correlated   lineup L=1.50/U=2.50   n= 2,878  knots[0.087 0.230 0.519 0.785 0.918]  cov80=0.8311  cov90=0.9281  CRPS=10.6242  PITdiv=0.1077  drift=+1.698 (+2.34%)
                 matchup L=1.50/U=2.50  n= 1,439  Brier=0.22941  logloss=0.65012  ECE=0.0247  maxCE=0.0640  marginCRPS=15.1562  marginCov80=0.8409
  candidate L=0.50/U=2.00: 36 of 36 held-out week(s) have a prior-fitted structure (5s)
    independent  lineup L=0.50/U=2.00   n= 2,878  knots[0.105 0.249 0.520 0.770 0.903]  cov80=0.7981  cov90=0.8972  CRPS=10.5919  PITdiv=0.0563  drift=+1.606 (+2.21%)
                 matchup L=0.50/U=2.00  n= 1,439  Brier=0.22878  logloss=0.64878  ECE=0.0193  maxCE=0.0751  marginCRPS=15.1249  marginCov80=0.8013
    correlated   lineup L=0.50/U=2.00   n= 2,878  knots[0.101 0.245 0.521 0.773 0.906]  cov80=0.8051  cov90=0.9058  CRPS=10.5986  PITdiv=0.0612  drift=+1.608 (+2.22%)
                 matchup L=0.50/U=2.00  n= 1,439  Brier=0.22929  logloss=0.64982  ECE=0.0271  maxCE=0.0566  marginCRPS=15.1308  marginCov80=0.8075

  STACKED LINEUPS ONLY (every synthesised lineup is a QB stack)
    incumbent/independent      lineup L=1.50/U=2.50   n= 2,880  knots[0.097 0.253 0.495 0.761 0.918]  cov80=0.8215  cov90=0.9132  CRPS=10.9924  PITdiv=0.0715  drift=+1.684 (+2.31%)
                               matchup L=1.50/U=2.50  n= 1,440  Brier=0.22763  logloss=0.64662  ECE=0.0298  maxCE=0.0458  marginCRPS=15.5294  marginCov80=0.8243
    incumbent/correlated       lineup L=1.50/U=2.50   n= 2,880  knots[0.087 0.241 0.493 0.768 0.923]  cov80=0.8365  cov90=0.9257  CRPS=11.0057  PITdiv=0.0972  drift=+1.690 (+2.32%)
                               matchup L=1.50/U=2.50  n= 1,440  Brier=0.22761  logloss=0.64654  ECE=0.0305  maxCE=0.0531  marginCRPS=15.5474  marginCov80=0.8326
    candidate/independent      lineup L=0.50/U=2.00   n= 2,880  knots[0.115 0.265 0.497 0.748 0.898]  cov80=0.7833  cov90=0.8896  CRPS=10.9879  PITdiv=0.0507  drift=+1.598 (+2.19%)
                               matchup L=0.50/U=2.00  n= 1,440  Brier=0.22737  logloss=0.64601  ECE=0.0273  maxCE=0.0414  marginCRPS=15.5190  marginCov80=0.7812
    candidate/correlated       lineup L=0.50/U=2.00   n= 2,880  knots[0.106 0.255 0.494 0.750 0.908]  cov80=0.8017  cov90=0.9007  CRPS=10.9882  PITdiv=0.0542  drift=+1.604 (+2.20%)
                               matchup L=0.50/U=2.00  n= 1,440  Brier=0.22733  logloss=0.64583  ECE=0.0238  maxCE=0.0455  marginCRPS=15.5219  marginCov80=0.7965

----------------------------------------------------------------------------------------------------------------------
8. PERFORMANCE — recalibration must not cost anything
----------------------------------------------------------------------------------------------------------------------
  fourteen players, one core, independent sampler
    iterations     incumbent     candidate    ratio
         1,000        15.3 ms        15.2 ms    0.988
        10,000       148.3 ms       147.2 ms    0.992
        25,000       385.6 ms       372.3 ms    0.965
        50,000       749.6 ms       754.6 ms    1.007

======================================================================================================================
PHASE 6C — no production constant has been changed by this script.
incumbent L=1.50/U=2.50 remains in nflfp/services/distributions.py; candidate L=0.50/U=2.00 awaits approval.
======================================================================================================================

wrote artifacts\phase6c_report.txt
